TATAHH
local listen port:  21201
estou online!
keepAlive d0261746597de376
keepAlive 21527f06ee3dcb6a
porta announce:  44077
keepAlive d0261746597de376
keepAlive 21527f06ee3dcb6a
porta announce:  44334
keepAlive d0261746597de376
keepAlive 21527f06ee3dcb6a
keepAlive d0261746597de376
keepAlive 21527f06ee3dcb6a
keepAlive d0261746597de376
keepAlive 21527f06ee3dcb6a
